// Jest Snapshot v1, https://goo.gl/fbAQLP

exports[`renders correctly when called  1`] = `
<div
  className="Logo"
>
  <img
    alt="Simpo log"
    src="/assets/img/logo.png"
  />
</div>
`;
